// Jest Snapshot v1, https://goo.gl/fbAQLP

exports[`AccountsService should return an account from findOne 1`] = `
AccountDto {
  "balance": "5728.67",
  "createdAt": 2024-05-10T10:21:18.333Z,
  "id": "61460d8554ea082ad0256759",
  "isDeleted": false,
  "name": "Saving account 1",
  "type": "SAVINGS",
  "updatedAt": 2024-05-10T10:21:18.333Z,
  "userId": "61460d7354ea082ad0256749",
}
`;

exports[`AccountsService should return an array of account balance history from getAccountBalanceHistory 1`] = `
[
  AccountBalanceHistoryDto {
    "amount": "318.22",
    "balance": "118.22",
    "date": 2021-02-21T19:23:00.000Z,
  },
  AccountBalanceHistoryDto {
    "amount": "459.72",
    "balance": "577.94",
    "date": 2021-02-23T13:28:00.000Z,
  },
  AccountBalanceHistoryDto {
    "amount": "1704.16",
    "balance": "2282.1",
    "date": 2021-02-28T01:30:00.000Z,
  },
  AccountBalanceHistoryDto {
    "amount": "1901.59",
    "balance": "4183.69",
    "date": 2021-03-01T03:31:00.000Z,
  },
  AccountBalanceHistoryDto {
    "amount": "-118.27",
    "balance": "4065.42",
    "date": 2021-03-01T09:31:00.000Z,
  },
  AccountBalanceHistoryDto {
    "amount": "-109.53",
    "balance": "3955.89",
    "date": 2021-03-05T13:18:00.000Z,
  },
  AccountBalanceHistoryDto {
    "amount": "-1279.27",
    "balance": "2676.62",
    "date": 2021-03-09T09:08:00.000Z,
  },
  AccountBalanceHistoryDto {
    "amount": "-1368.87",
    "balance": "1307.75",
    "date": 2021-03-21T11:16:00.000Z,
  },
  AccountBalanceHistoryDto {
    "amount": "1590.98",
    "balance": "2898.73",
    "date": 2021-03-23T07:54:00.000Z,
  },
  AccountBalanceHistoryDto {
    "amount": "1494.56",
    "balance": "4393.29",
    "date": 2021-03-27T04:19:00.000Z,
  },
  AccountBalanceHistoryDto {
    "amount": "-1403.68",
    "balance": "2989.61",
    "date": 2021-04-09T17:38:00.000Z,
  },
  AccountBalanceHistoryDto {
    "amount": "86.6",
    "balance": "3076.21",
    "date": 2021-04-16T06:52:00.000Z,
  },
  AccountBalanceHistoryDto {
    "amount": "-663.32",
    "balance": "2412.89",
    "date": 2021-05-18T20:51:00.000Z,
  },
  AccountBalanceHistoryDto {
    "amount": "675",
    "balance": "3087.89",
    "date": 2021-05-25T03:50:00.000Z,
  },
  AccountBalanceHistoryDto {
    "amount": "1925.73",
    "balance": "5013.62",
    "date": 2021-05-30T08:06:00.000Z,
  },
  AccountBalanceHistoryDto {
    "amount": "419.53",
    "balance": "5433.15",
    "date": 2021-06-04T09:01:00.000Z,
  },
  AccountBalanceHistoryDto {
    "amount": "1292.28",
    "balance": "6725.43",
    "date": 2021-06-08T03:28:00.000Z,
  },
  AccountBalanceHistoryDto {
    "amount": "1299.2",
    "balance": "8024.63",
    "date": 2021-06-17T09:39:00.000Z,
  },
  AccountBalanceHistoryDto {
    "amount": "-490.7",
    "balance": "7533.93",
    "date": 2021-06-20T06:36:00.000Z,
  },
  AccountBalanceHistoryDto {
    "amount": "-1865",
    "balance": "5668.93",
    "date": 2021-06-25T10:02:00.000Z,
  },
  AccountBalanceHistoryDto {
    "amount": "961.29",
    "balance": "6630.22",
    "date": 2021-07-13T11:55:00.000Z,
  },
  AccountBalanceHistoryDto {
    "amount": "-129.94",
    "balance": "6500.28",
    "date": 2021-07-16T04:54:00.000Z,
  },
  AccountBalanceHistoryDto {
    "amount": "1472.83",
    "balance": "7973.11",
    "date": 2021-07-20T02:50:00.000Z,
  },
  AccountBalanceHistoryDto {
    "amount": "723.92",
    "balance": "8697.03",
    "date": 2021-07-24T13:04:00.000Z,
  },
  AccountBalanceHistoryDto {
    "amount": "-1715.66",
    "balance": "6981.37",
    "date": 2021-07-25T23:53:00.000Z,
  },
  AccountBalanceHistoryDto {
    "amount": "1975.42",
    "balance": "8956.79",
    "date": 2021-07-28T03:35:00.000Z,
  },
  AccountBalanceHistoryDto {
    "amount": "-131.18",
    "balance": "8825.61",
    "date": 2021-07-29T17:30:00.000Z,
  },
  AccountBalanceHistoryDto {
    "amount": "1799.66",
    "balance": "10625.27",
    "date": 2021-07-31T20:26:00.000Z,
  },
  AccountBalanceHistoryDto {
    "amount": "-1887.67",
    "balance": "8737.6",
    "date": 2021-08-06T07:37:00.000Z,
  },
  AccountBalanceHistoryDto {
    "amount": "1358.23",
    "balance": "10095.83",
    "date": 2021-08-14T12:45:00.000Z,
  },
  AccountBalanceHistoryDto {
    "amount": "1700.08",
    "balance": "11795.91",
    "date": 2021-08-22T13:14:00.000Z,
  },
  AccountBalanceHistoryDto {
    "amount": "441.11",
    "balance": "12237.02",
    "date": 2021-08-24T11:03:00.000Z,
  },
  AccountBalanceHistoryDto {
    "amount": "348.62",
    "balance": "12585.64",
    "date": 2021-08-25T12:24:00.000Z,
  },
  AccountBalanceHistoryDto {
    "amount": "-858.43",
    "balance": "11727.21",
    "date": 2021-08-27T22:37:00.000Z,
  },
  AccountBalanceHistoryDto {
    "amount": "-1649.03",
    "balance": "10078.18",
    "date": 2021-08-29T10:47:00.000Z,
  },
  AccountBalanceHistoryDto {
    "amount": "-1832.52",
    "balance": "8245.66",
    "date": 2021-08-31T08:33:00.000Z,
  },
  AccountBalanceHistoryDto {
    "amount": "1360.98",
    "balance": "9606.64",
    "date": 2021-09-05T12:53:00.000Z,
  },
  AccountBalanceHistoryDto {
    "amount": "-1740.36",
    "balance": "7866.28",
    "date": 2021-09-05T15:24:00.000Z,
  },
  AccountBalanceHistoryDto {
    "amount": "-849.95",
    "balance": "7016.33",
    "date": 2021-09-15T12:16:00.000Z,
  },
  AccountBalanceHistoryDto {
    "amount": "-127.84",
    "balance": "6888.49",
    "date": 2021-09-15T19:54:00.000Z,
  },
  AccountBalanceHistoryDto {
    "amount": "1605.25",
    "balance": "8493.74",
    "date": 2021-09-16T04:19:00.000Z,
  },
  AccountBalanceHistoryDto {
    "amount": "-1646.9",
    "balance": "6846.84",
    "date": 2021-09-17T17:57:00.000Z,
  },
  AccountBalanceHistoryDto {
    "amount": "1206.49",
    "balance": "8053.33",
    "date": 2021-09-22T05:52:00.000Z,
  },
  AccountBalanceHistoryDto {
    "amount": "-1178.6",
    "balance": "6874.73",
    "date": 2021-10-03T07:34:00.000Z,
  },
  AccountBalanceHistoryDto {
    "amount": "-729.58",
    "balance": "6145.15",
    "date": 2021-10-03T21:26:00.000Z,
  },
  AccountBalanceHistoryDto {
    "amount": "548.07",
    "balance": "6693.22",
    "date": 2021-10-11T14:51:00.000Z,
  },
  AccountBalanceHistoryDto {
    "amount": "447.51",
    "balance": "7140.73",
    "date": 2021-10-17T08:37:00.000Z,
  },
  AccountBalanceHistoryDto {
    "amount": "-1384.83",
    "balance": "5755.9",
    "date": 2021-10-23T00:56:00.000Z,
  },
  AccountBalanceHistoryDto {
    "amount": "1216.58",
    "balance": "6972.48",
    "date": 2021-10-24T17:57:00.000Z,
  },
  AccountBalanceHistoryDto {
    "amount": "-1817.43",
    "balance": "5155.05",
    "date": 2021-10-30T03:10:00.000Z,
  },
  AccountBalanceHistoryDto {
    "amount": "-656.84",
    "balance": "4498.21",
    "date": 2021-11-03T08:57:00.000Z,
  },
  AccountBalanceHistoryDto {
    "amount": "-1137.47",
    "balance": "3360.74",
    "date": 2021-11-05T02:31:00.000Z,
  },
  AccountBalanceHistoryDto {
    "amount": "1141.4",
    "balance": "4502.14",
    "date": 2021-11-06T00:38:00.000Z,
  },
  AccountBalanceHistoryDto {
    "amount": "469.16",
    "balance": "4971.3",
    "date": 2021-11-06T22:06:00.000Z,
  },
  AccountBalanceHistoryDto {
    "amount": "1666.29",
    "balance": "6637.59",
    "date": 2021-11-07T15:43:00.000Z,
  },
  AccountBalanceHistoryDto {
    "amount": "-879.34",
    "balance": "5758.25",
    "date": 2021-11-08T15:54:00.000Z,
  },
  AccountBalanceHistoryDto {
    "amount": "150.89",
    "balance": "5909.14",
    "date": 2021-11-15T14:28:00.000Z,
  },
  AccountBalanceHistoryDto {
    "amount": "-725.02",
    "balance": "5184.12",
    "date": 2021-11-30T09:45:00.000Z,
  },
  AccountBalanceHistoryDto {
    "amount": "-1563.22",
    "balance": "3620.9",
    "date": 2021-12-01T09:59:00.000Z,
  },
  AccountBalanceHistoryDto {
    "amount": "-852.27",
    "balance": "2768.63",
    "date": 2021-12-07T06:16:00.000Z,
  },
  AccountBalanceHistoryDto {
    "amount": "-1694.58",
    "balance": "1074.05",
    "date": 2021-12-10T01:22:00.000Z,
  },
  AccountBalanceHistoryDto {
    "amount": "970.41",
    "balance": "2044.46",
    "date": 2021-12-12T19:49:00.000Z,
  },
  AccountBalanceHistoryDto {
    "amount": "-873.08",
    "balance": "1171.38",
    "date": 2021-12-15T08:10:00.000Z,
  },
  AccountBalanceHistoryDto {
    "amount": "-306.23",
    "balance": "865.15",
    "date": 2021-12-15T16:07:00.000Z,
  },
  AccountBalanceHistoryDto {
    "amount": "-59.54",
    "balance": "805.61",
    "date": 2021-12-29T17:55:00.000Z,
  },
  AccountBalanceHistoryDto {
    "amount": "1786.09",
    "balance": "2591.7",
    "date": 2022-01-06T08:33:00.000Z,
  },
  AccountBalanceHistoryDto {
    "amount": "621.79",
    "balance": "3213.49",
    "date": 2022-01-07T14:37:00.000Z,
  },
  AccountBalanceHistoryDto {
    "amount": "1712.21",
    "balance": "4925.7",
    "date": 2022-01-18T23:33:00.000Z,
  },
  AccountBalanceHistoryDto {
    "amount": "1927.77",
    "balance": "6853.47",
    "date": 2022-01-20T06:13:00.000Z,
  },
  AccountBalanceHistoryDto {
    "amount": "-1124.8",
    "balance": "5728.67",
    "date": 2022-01-21T07:18:00.000Z,
  },
]
`;

exports[`AccountsService should return an array of accounts from findAllByUser 1`] = `
[
  AccountDto {
    "balance": "5728.67",
    "createdAt": 2024-05-10T10:21:18.333Z,
    "id": "61460d8554ea082ad0256759",
    "isDeleted": false,
    "name": "Saving account 1",
    "type": "SAVINGS",
    "updatedAt": 2024-05-10T10:21:18.333Z,
    "userId": "61460d7354ea082ad0256749",
  },
  AccountDto {
    "balance": "56323.6",
    "createdAt": 2024-05-10T10:21:18.333Z,
    "id": "61460d9454ea082ad0256762",
    "isDeleted": false,
    "name": "Saving account 2",
    "type": "SAVINGS",
    "updatedAt": 2024-05-10T10:21:18.333Z,
    "userId": "61460d7354ea082ad0256749",
  },
  AccountDto {
    "balance": "11201.26",
    "createdAt": 2024-05-10T10:21:18.333Z,
    "id": "61460da354ea082ad025676b",
    "isDeleted": false,
    "name": "Cash account",
    "type": "CASH",
    "updatedAt": 2024-05-10T10:21:18.333Z,
    "userId": "61460d7354ea082ad0256749",
  },
  AccountDto {
    "balance": "-2901.87",
    "createdAt": 2024-05-10T10:21:18.333Z,
    "id": "61460db554ea082ad0256774",
    "isDeleted": false,
    "name": "Investment account",
    "type": "INVESTMENT",
    "updatedAt": 2024-05-10T10:21:18.333Z,
    "userId": "61460d7354ea082ad0256749",
  },
  AccountDto {
    "balance": "3509.96",
    "createdAt": 2024-05-10T10:21:18.333Z,
    "id": "61460dd554ea082ad025677d",
    "isDeleted": false,
    "name": "Credit account",
    "type": "CREDIT",
    "updatedAt": 2024-05-10T10:21:18.333Z,
    "userId": "61460d7354ea082ad0256749",
  },
  AccountDto {
    "balance": "-6716.63",
    "createdAt": 2024-05-10T10:21:18.333Z,
    "id": "61460de154ea082ad0256786",
    "isDeleted": false,
    "name": "Loan account",
    "type": "LOAN",
    "updatedAt": 2024-05-10T10:21:18.333Z,
    "userId": "61460d7354ea082ad0256749",
  },
  AccountDto {
    "balance": "12400",
    "createdAt": 2024-05-10T10:22:18.423Z,
    "id": "663df55ad8ef53dcb2bc9347",
    "isDeleted": false,
    "name": "Big money",
    "type": "SAVINGS",
    "updatedAt": 2024-05-10T10:28:36.672Z,
    "userId": "61460d7354ea082ad0256749",
  },
  AccountDto {
    "balance": "21100",
    "createdAt": 2024-05-10T10:25:39.733Z,
    "id": "663df623d8ef53dcb2bc93c0",
    "isDeleted": false,
    "name": "Long-term SAVINGS",
    "type": "LONG_TERM_SAVINGS",
    "updatedAt": 2024-05-10T10:28:36.670Z,
    "userId": "61460d7354ea082ad0256749",
  },
  AccountDto {
    "balance": "14000",
    "createdAt": 2024-05-10T10:25:48.973Z,
    "id": "663df62cd8ef53dcb2bc93c4",
    "isDeleted": false,
    "name": "Pre-assigned CASH",
    "type": "PRE_ASSIGNED_CASH",
    "updatedAt": 2024-05-10T10:27:05.349Z,
    "userId": "61460d7354ea082ad0256749",
  },
]
`;
