// Jest Snapshot v1, https://goo.gl/fbAQLP

exports[`UsersService should return a user by id 1`] = `
{
  "auth0Id": "",
  "githubId": "",
  "id": "61460d7354ea082ad0256749",
  "name": "Dummy Test User",
  "nickname": "",
  "profileImageUrl": "",
  "roles": [
    "TEST_USER",
  ],
  "theme": "AUTO",
}
`;

exports[`UsersService should return an array of users from findAll 1`] = `
[
  {
    "auth0Id": "",
    "githubId": "",
    "id": "61460d7354ea082ad0256749",
    "name": "Dummy Test User",
    "nickname": "",
    "profileImageUrl": "",
    "roles": [
      "TEST_USER",
    ],
    "theme": "AUTO",
  },
]
`;
